[sb-supermarket.mybigcommerce.com/index.html]
[backblue.gif]
[fade.gif]
[index.html]
[sb-supermarket.mybigcommerce.com/POST]
[sb-supermarket.mybigcommerce.com/cart.html]
[sb-supermarket.mybigcommerce.com/accessories/index.html]
[sb-supermarket.mybigcommerce.com/accessories/electronics/apple/index.html]
[sb-supermarket.mybigcommerce.com/accessories/electronics/index.html]
[sb-supermarket.mybigcommerce.com/login.html]
[sb-supermarket.mybigcommerce.com/accessories/electronics/esdipiscing/index.html]
[sb-supermarket.mybigcommerce.com/accessories/electronics/dell/index.html]
[sb-supermarket.mybigcommerce.com/accessories/electronics/scanners/index.html]
[sb-supermarket.mybigcommerce.com/logind85d.html]
[sb-supermarket.mybigcommerce.com/accessories/electronics/toshiba/index.html]
[sb-supermarket.mybigcommerce.com/accessories/fashion-accessories/index.html]
[sb-supermarket.mybigcommerce.com/accessories/electronics/sony/index.html]
[sb-supermarket.mybigcommerce.com/accessories/technology/appliances/index.html]
[sb-supermarket.mybigcommerce.com/accessories/technology/qunge-genga/index.html]
[sb-supermarket.mybigcommerce.com/accessories/technology/fashion/index.html]
[sb-supermarket.mybigcommerce.com/accessories/technology/smartphone/index.html]
[sb-supermarket.mybigcommerce.com/compare.html]
[sb-supermarket.mybigcommerce.com/accessories/health-beauty/diam-sit/index.html]
[sb-supermarket.mybigcommerce.com/accessories/fashion-accessories/sound/index.html]
[sb-supermarket.mybigcommerce.com/accessories/furnitures-decor/index.html]
[sb-supermarket.mybigcommerce.com/accessories/health-beauty/scanners/index.html]
[sb-supermarket.mybigcommerce.com/accessories/health-beauty/monitors/index.html]
[sb-supermarket.mybigcommerce.com/login830b.html]
[sb-supermarket.mybigcommerce.com/accessories/health-beauty/labore-et/index.html]
[sb-supermarket.mybigcommerce.com/electronics/index.html]
[sb-supermarket.mybigcommerce.com/accessories/health-beauty/web-cameras/index.html]
[sb-supermarket.mybigcommerce.com/electronics/jewelry/index.html]
[sb-supermarket.mybigcommerce.com/electronics/boys-news/index.html]
[sb-supermarket.mybigcommerce.com/electronics/cosmetics/index.html]
[sb-supermarket.mybigcommerce.com/electronics/smart-tvs/index.html]
[sb-supermarket.mybigcommerce.com/electronics/handbags/index.html]
[sb-supermarket.mybigcommerce.com/electronics/cup-cake/index.html]
[sb-supermarket.mybigcommerce.com/electronics/delicacies/index.html]
[sb-supermarket.mybigcommerce.com/living-room/index.html]
[sb-supermarket.mybigcommerce.com/food-restaurant/index.html]
[sb-supermarket.mybigcommerce.com/bedroom/index.html]
[sb-supermarket.mybigcommerce.com/metallurgy/index.html]
[sb-supermarket.mybigcommerce.com/garden/index.html]
[sb-supermarket.mybigcommerce.com/utility/index.html]
[sb-supermarket.mybigcommerce.com/gifts-toys/index.html]
[sb-supermarket.mybigcommerce.com/publications/index.html]
[sb-supermarket.mybigcommerce.com/categories.html]
[sb-supermarket.mybigcommerce.com/kitchen/index.html]
[sb-supermarket.mybigcommerce.com/contact-us/index.html]
[sb-supermarket.mybigcommerce.com/blog/index.html]
[sb-supermarket.mybigcommerce.com/faqs/index.html]
[sb-supermarket.mybigcommerce.com/pages/index.html]
[sb-supermarket.mybigcommerce.com/photo-gallery/index.html]
[sb-supermarket.mybigcommerce.com/services/index.html]
[sb-supermarket.mybigcommerce.com/logind1fa.html]
[sb-supermarket.mybigcommerce.com/support-24-7/index.html]
[sb-supermarket.mybigcommerce.com/shipping-returns/index.html]
[sb-supermarket.mybigcommerce.com/index612c.html]
[sb-supermarket.mybigcommerce.com/index85eb.html]
[sb-supermarket.mybigcommerce.com/sample-able-brewing-system/index.html]
[sb-supermarket.mybigcommerce.com/login91d7.html]
[sb-supermarket.mybigcommerce.com/sample-chemex-coffeemaker-3-cup/index.html]
[sb-supermarket.mybigcommerce.com/sample-tiered-wire-basket/index.html]
[sb-supermarket.mybigcommerce.com/sample-canvas-laundry-cart/index.html]
[sb-supermarket.mybigcommerce.com/login83b1.html]
[sb-supermarket.mybigcommerce.com/sample-smith-journal-13/index.html]
[sb-supermarket.mybigcommerce.com/sample-oak-cheese-grater/index.html]
[sb-supermarket.mybigcommerce.com/sample-fog-linen-chambray-towel-beige-stripe/index.html]
[sb-supermarket.mybigcommerce.com/logine921.html]
[sb-supermarket.mybigcommerce.com/sample-utility-caddy/index.html]
[sb-supermarket.mybigcommerce.com/sample-laundry-detergent/index.html]
[sb-supermarket.mybigcommerce.com/sample-dustpan-brush/index.html]
[sb-supermarket.mybigcommerce.com/blog/kire-tuma-demons-vel-eum-iriure-dolor/index.html]
[sb-supermarket.mybigcommerce.com/blog/incididunt-ut-labore-et-dolore-magna-aliqua/index.html]
[sb-supermarket.mybigcommerce.com/blog/duis-aute-irure-dolor-in-rep-rehenderit/index.html]
[sb-supermarket.mybigcommerce.com/login479d.html]
[sb-supermarket.mybigcommerce.com/smartphone/index.html]
[sb-supermarket.mybigcommerce.com/sport-clothing/index.html]
[sb-supermarket.mybigcommerce.com/fashion/index.html]
[sb-supermarket.mybigcommerce.com/computer/index.html]
[sb-supermarket.mybigcommerce.com/electronics/index8676.html]
[sb-supermarket.mybigcommerce.com/accessories/fashion-accessories/index8676.html]
[sb-supermarket.mybigcommerce.com/login5df3.html]
[sb-supermarket.mybigcommerce.com/accessories/furnitures-decor/index8676.html]
[sb-supermarket.mybigcommerce.com/accessories/electronics/index8676.html]
[sb-supermarket.mybigcommerce.com/brands/ofs/index.html]
[sb-supermarket.mybigcommerce.com/login1273.html]
[sb-supermarket.mybigcommerce.com/brands/sagaform/index.html]
[sb-supermarket.mybigcommerce.com/brands/index.html]
[sb-supermarket.mybigcommerce.com/brands/common-good/index.html]
[sb-supermarket.mybigcommerce.com/logindda8.html]
[sb-supermarket.mybigcommerce.com/login5946.html]
[sb-supermarket.mybigcommerce.com/login1c39.html]
[sb-supermarket.mybigcommerce.com/login8e0b.html]
[sb-supermarket.mybigcommerce.com/loginb320.html]
[sb-supermarket.mybigcommerce.com/login5485.html]
[sb-supermarket.mybigcommerce.com/login8311.html]
[sb-supermarket.mybigcommerce.com/login4104.html]
[sb-supermarket.mybigcommerce.com/logina61b.html]
[sb-supermarket.mybigcommerce.com/pages187d.php]
[sb-supermarket.mybigcommerce.com/login36ab.html]
[sb-supermarket.mybigcommerce.com/loginebdc.html]
[sb-supermarket.mybigcommerce.com/logina1d6.html]
[sb-supermarket.mybigcommerce.com/login2e8d.html]
[sb-supermarket.mybigcommerce.com/logind99d.html]
[sb-supermarket.mybigcommerce.com/index.html]
[sb-supermarket.mybigcommerce.com/POST.html]
[sb-supermarket.mybigcommerce.com/login7764.html]
[sb-supermarket.mybigcommerce.com/accessories/index612c.html]
[sb-supermarket.mybigcommerce.com/accessories/index85eb.html]
[sb-supermarket.mybigcommerce.com/accessories/indexd2e6.html]
[sb-supermarket.mybigcommerce.com/accessories/index20fa.html]
[sb-supermarket.mybigcommerce.com/accessories/index42b5.html]
[sb-supermarket.mybigcommerce.com/accessories/indexaf78.html]
[sb-supermarket.mybigcommerce.com/accessories/index4fa9.html]
[sb-supermarket.mybigcommerce.com/accessories/index.html]
[sb-supermarket.mybigcommerce.com/accessories/electronics/index20fa.html]
[sb-supermarket.mybigcommerce.com/accessories/electronics/indexd2e6.html]
[sb-supermarket.mybigcommerce.com/accessories/electronics/index612c.html]
[sb-supermarket.mybigcommerce.com/accessories/electronics/index85eb.html]
[sb-supermarket.mybigcommerce.com/accessories/electronics/index42b5.html]
[sb-supermarket.mybigcommerce.com/accessories/electronics/indexaf78.html]
[sb-supermarket.mybigcommerce.com/accessories/electronics/index4fa9.html]
[sb-supermarket.mybigcommerce.com/sample-orbit-terrarium-small/index.html]
[sb-supermarket.mybigcommerce.com/giftcertificatese8f7.html]
[sb-supermarket.mybigcommerce.com/accessories/electronics/index.html]
[sb-supermarket.mybigcommerce.com/accessories/electronics/apple/index85eb.html]
[sb-supermarket.mybigcommerce.com/accessories/electronics/apple/index612c.html]
[sb-supermarket.mybigcommerce.com/accessories/electronics/apple/index2b66.html]
[sb-supermarket.mybigcommerce.com/accessories/electronics/apple/index5268.html]
[sb-supermarket.mybigcommerce.com/accessories/electronics/apple/indexe746.html]
[sb-supermarket.mybigcommerce.com/accessories/electronics/apple/indexb0fb.html]
[sb-supermarket.mybigcommerce.com/accessories/electronics/apple/indexd633.html]
[sb-supermarket.mybigcommerce.com/accessories/electronics/apple/index.html]
[sb-supermarket.mybigcommerce.com/accessories/electronics/dell/index612c.html]
[sb-supermarket.mybigcommerce.com/accessories/electronics/dell/index85eb.html]
[sb-supermarket.mybigcommerce.com/accessories/electronics/dell/index2b66.html]
[sb-supermarket.mybigcommerce.com/accessories/electronics/dell/index5268.html]
[sb-supermarket.mybigcommerce.com/accessories/electronics/dell/indexb0fb.html]
[sb-supermarket.mybigcommerce.com/accessories/electronics/dell/indexe746.html]
[sb-supermarket.mybigcommerce.com/accessories/electronics/dell/indexd633.html]
[sb-supermarket.mybigcommerce.com/accessories/electronics/dell/index.html]
[sb-supermarket.mybigcommerce.com/accessories/electronics/esdipiscing/index85eb.html]
[sb-supermarket.mybigcommerce.com/accessories/electronics/esdipiscing/index612c.html]
[sb-supermarket.mybigcommerce.com/accessories/electronics/esdipiscing/index5268.html]
[sb-supermarket.mybigcommerce.com/accessories/electronics/esdipiscing/index2b66.html]
[sb-supermarket.mybigcommerce.com/accessories/electronics/esdipiscing/indexd633.html]
[sb-supermarket.mybigcommerce.com/accessories/electronics/esdipiscing/indexe746.html]
[sb-supermarket.mybigcommerce.com/accessories/electronics/esdipiscing/indexb0fb.html]
[sb-supermarket.mybigcommerce.com/accessories/electronics/esdipiscing/index.html]
[sb-supermarket.mybigcommerce.com/accessories/electronics/scanners/index2b66.html]
[sb-supermarket.mybigcommerce.com/accessories/electronics/scanners/index5268.html]
[sb-supermarket.mybigcommerce.com/accessories/electronics/scanners/index612c.html]
[sb-supermarket.mybigcommerce.com/accessories/electronics/scanners/index85eb.html]
[sb-supermarket.mybigcommerce.com/accessories/electronics/scanners/indexb0fb.html]
[sb-supermarket.mybigcommerce.com/accessories/electronics/scanners/indexd633.html]
[sb-supermarket.mybigcommerce.com/accessories/electronics/scanners/indexe746.html]
[sb-supermarket.mybigcommerce.com/accessories/electronics/scanners/index.html]
[sb-supermarket.mybigcommerce.com/accessories/electronics/sony/index5268.html]
[sb-supermarket.mybigcommerce.com/accessories/electronics/sony/index85eb.html]
[sb-supermarket.mybigcommerce.com/accessories/electronics/sony/index2b66.html]
[sb-supermarket.mybigcommerce.com/accessories/electronics/sony/index612c.html]
[sb-supermarket.mybigcommerce.com/accessories/electronics/sony/indexb0fb.html]
[sb-supermarket.mybigcommerce.com/accessories/electronics/sony/indexd633.html]
[sb-supermarket.mybigcommerce.com/accessories/electronics/sony/indexe746.html]
[sb-supermarket.mybigcommerce.com/accessories/electronics/sony/index.html]
[sb-supermarket.mybigcommerce.com/accessories/electronics/toshiba/index5268.html]
[sb-supermarket.mybigcommerce.com/accessories/electronics/toshiba/index85eb.html]
[sb-supermarket.mybigcommerce.com/accessories/electronics/toshiba/index612c.html]
[sb-supermarket.mybigcommerce.com/accessories/electronics/toshiba/index2b66.html]
[sb-supermarket.mybigcommerce.com/accessories/electronics/toshiba/indexb0fb.html]
[sb-supermarket.mybigcommerce.com/accessories/electronics/toshiba/indexd633.html]
[sb-supermarket.mybigcommerce.com/accessories/electronics/toshiba/indexe746.html]
[sb-supermarket.mybigcommerce.com/accessories/electronics/toshiba/index.html]
[sb-supermarket.mybigcommerce.com/accessories/fashion-accessories/index85eb.html]
[sb-supermarket.mybigcommerce.com/accessories/fashion-accessories/index612c.html]
[sb-supermarket.mybigcommerce.com/accessories/fashion-accessories/index76d9.html]
[sb-supermarket.mybigcommerce.com/accessories/fashion-accessories/index30ad.html]
[sb-supermarket.mybigcommerce.com/accessories/fashion-accessories/indexb28d.html]
[sb-supermarket.mybigcommerce.com/accessories/fashion-accessories/index81b1.html]
[sb-supermarket.mybigcommerce.com/accessories/fashion-accessories/index8f64.html]
[sb-supermarket.mybigcommerce.com/sample-orbit-terrarium-large/index.html]
[sb-supermarket.mybigcommerce.com/accessories/fashion-accessories/index.html]
[sb-supermarket.mybigcommerce.com/accessories/technology/appliances/index85eb.html]
[sb-supermarket.mybigcommerce.com/accessories/technology/appliances/index612c.html]
[sb-supermarket.mybigcommerce.com/accessories/technology/appliances/index76d9.html]
[sb-supermarket.mybigcommerce.com/accessories/technology/appliances/index30ad.html]
[sb-supermarket.mybigcommerce.com/accessories/technology/appliances/index81b1.html]
[sb-supermarket.mybigcommerce.com/accessories/technology/appliances/index8f64.html]
[sb-supermarket.mybigcommerce.com/accessories/technology/appliances/indexb28d.html]
[sb-supermarket.mybigcommerce.com/accessories/technology/appliances/index.html]
[sb-supermarket.mybigcommerce.com/accessories/technology/fashion/index85eb.html]
[sb-supermarket.mybigcommerce.com/accessories/technology/fashion/index612c.html]
[sb-supermarket.mybigcommerce.com/accessories/technology/fashion/index76d9.html]
[sb-supermarket.mybigcommerce.com/accessories/technology/fashion/index30ad.html]
[sb-supermarket.mybigcommerce.com/accessories/technology/fashion/index81b1.html]
[sb-supermarket.mybigcommerce.com/accessories/technology/fashion/index8f64.html]
[sb-supermarket.mybigcommerce.com/accessories/technology/fashion/indexb28d.html]
[sb-supermarket.mybigcommerce.com/accessories/technology/fashion/index.html]
[sb-supermarket.mybigcommerce.com/accessories/technology/qunge-genga/index85eb.html]
[sb-supermarket.mybigcommerce.com/accessories/technology/qunge-genga/index612c.html]
[sb-supermarket.mybigcommerce.com/accessories/technology/qunge-genga/index76d9.html]
[sb-supermarket.mybigcommerce.com/accessories/technology/qunge-genga/index30ad.html]
[sb-supermarket.mybigcommerce.com/accessories/technology/qunge-genga/indexb28d.html]
[sb-supermarket.mybigcommerce.com/accessories/technology/qunge-genga/index81b1.html]
[sb-supermarket.mybigcommerce.com/accessories/technology/qunge-genga/index8f64.html]
[sb-supermarket.mybigcommerce.com/accessories/technology/qunge-genga/index.html]
[sb-supermarket.mybigcommerce.com/accessories/technology/smartphone/index85eb.html]
[sb-supermarket.mybigcommerce.com/accessories/technology/smartphone/index612c.html]
[sb-supermarket.mybigcommerce.com/accessories/technology/smartphone/index76d9.html]
[sb-supermarket.mybigcommerce.com/accessories/technology/smartphone/index81b1.html]
[sb-supermarket.mybigcommerce.com/accessories/technology/smartphone/indexb28d.html]
[sb-supermarket.mybigcommerce.com/accessories/technology/smartphone/index30ad.html]
[sb-supermarket.mybigcommerce.com/accessories/technology/smartphone/index8f64.html]
[sb-supermarket.mybigcommerce.com/accessories/technology/smartphone/index.html]
[sb-supermarket.mybigcommerce.com/accessories/fashion-accessories/sound/index612c.html]
[sb-supermarket.mybigcommerce.com/accessories/fashion-accessories/sound/index85eb.html]
[sb-supermarket.mybigcommerce.com/accessories/fashion-accessories/sound/index76d9.html]
[sb-supermarket.mybigcommerce.com/accessories/fashion-accessories/sound/indexb28d.html]
[sb-supermarket.mybigcommerce.com/accessories/fashion-accessories/sound/index30ad.html]
[sb-supermarket.mybigcommerce.com/accessories/fashion-accessories/sound/index81b1.html]
[sb-supermarket.mybigcommerce.com/accessories/fashion-accessories/sound/index8f64.html]
[sb-supermarket.mybigcommerce.com/accessories/fashion-accessories/sound/index.html]
[sb-supermarket.mybigcommerce.com/accessories/furnitures-decor/index85eb.html]
[sb-supermarket.mybigcommerce.com/accessories/furnitures-decor/index612c.html]
[sb-supermarket.mybigcommerce.com/accessories/furnitures-decor/index3597.html]
[sb-supermarket.mybigcommerce.com/accessories/furnitures-decor/indexea41.html]
[sb-supermarket.mybigcommerce.com/accessories/furnitures-decor/indexd4fb.html]
[sb-supermarket.mybigcommerce.com/accessories/furnitures-decor/indexbf6c.html]
[sb-supermarket.mybigcommerce.com/accessories/furnitures-decor/indexaa61.html]
[sb-supermarket.mybigcommerce.com/lommodo-quiutvenia/index.html]
[sb-supermarket.mybigcommerce.com/accessories/furnitures-decor/index.html]
[sb-supermarket.mybigcommerce.com/accessories/health-beauty/diam-sit/index612c.html]
[sb-supermarket.mybigcommerce.com/accessories/health-beauty/diam-sit/index85eb.html]
[sb-supermarket.mybigcommerce.com/accessories/health-beauty/diam-sit/indexd4fb.html]
[sb-supermarket.mybigcommerce.com/accessories/health-beauty/diam-sit/indexea41.html]
[sb-supermarket.mybigcommerce.com/accessories/health-beauty/diam-sit/indexaa61.html]
[sb-supermarket.mybigcommerce.com/accessories/health-beauty/diam-sit/index3597.html]
[sb-supermarket.mybigcommerce.com/accessories/health-beauty/diam-sit/indexbf6c.html]
[sb-supermarket.mybigcommerce.com/accessories/health-beauty/diam-sit/index.html]
[sb-supermarket.mybigcommerce.com/accessories/health-beauty/labore-et/index85eb.html]
[sb-supermarket.mybigcommerce.com/accessories/health-beauty/labore-et/index612c.html]
[sb-supermarket.mybigcommerce.com/accessories/health-beauty/labore-et/indexea41.html]
[sb-supermarket.mybigcommerce.com/accessories/health-beauty/labore-et/indexd4fb.html]
[sb-supermarket.mybigcommerce.com/accessories/health-beauty/labore-et/indexbf6c.html]
[sb-supermarket.mybigcommerce.com/accessories/health-beauty/labore-et/indexaa61.html]
[sb-supermarket.mybigcommerce.com/accessories/health-beauty/labore-et/index3597.html]
[sb-supermarket.mybigcommerce.com/accessories/health-beauty/labore-et/index.html]
[sb-supermarket.mybigcommerce.com/accessories/health-beauty/monitors/indexea41.html]
[sb-supermarket.mybigcommerce.com/accessories/health-beauty/monitors/index612c.html]
[sb-supermarket.mybigcommerce.com/accessories/health-beauty/monitors/indexd4fb.html]
[sb-supermarket.mybigcommerce.com/accessories/health-beauty/monitors/index85eb.html]
[sb-supermarket.mybigcommerce.com/accessories/health-beauty/monitors/index3597.html]
[sb-supermarket.mybigcommerce.com/accessories/health-beauty/monitors/indexaa61.html]
[sb-supermarket.mybigcommerce.com/accessories/health-beauty/monitors/indexbf6c.html]
[sb-supermarket.mybigcommerce.com/accessories/health-beauty/monitors/index.html]
[sb-supermarket.mybigcommerce.com/accessories/health-beauty/scanners/index85eb.html]
[sb-supermarket.mybigcommerce.com/accessories/health-beauty/scanners/index612c.html]
[sb-supermarket.mybigcommerce.com/accessories/health-beauty/scanners/indexea41.html]
[sb-supermarket.mybigcommerce.com/accessories/health-beauty/scanners/indexd4fb.html]
[sb-supermarket.mybigcommerce.com/accessories/health-beauty/scanners/indexbf6c.html]
[sb-supermarket.mybigcommerce.com/accessories/health-beauty/scanners/index3597.html]
[sb-supermarket.mybigcommerce.com/accessories/health-beauty/scanners/indexaa61.html]
[sb-supermarket.mybigcommerce.com/accessories/health-beauty/scanners/index.html]
[sb-supermarket.mybigcommerce.com/accessories/health-beauty/web-cameras/index612c.html]
[sb-supermarket.mybigcommerce.com/accessories/health-beauty/web-cameras/index85eb.html]
[sb-supermarket.mybigcommerce.com/accessories/health-beauty/web-cameras/indexea41.html]
[sb-supermarket.mybigcommerce.com/accessories/health-beauty/web-cameras/indexd4fb.html]
[sb-supermarket.mybigcommerce.com/accessories/health-beauty/web-cameras/indexbf6c.html]
[sb-supermarket.mybigcommerce.com/accessories/health-beauty/web-cameras/index3597.html]
[sb-supermarket.mybigcommerce.com/accessories/health-beauty/web-cameras/indexaa61.html]
[sb-supermarket.mybigcommerce.com/accessories/health-beauty/web-cameras/index.html]
[sb-supermarket.mybigcommerce.com/electronics/index547c.html]
[sb-supermarket.mybigcommerce.com/electronics/index4658.html]
[sb-supermarket.mybigcommerce.com/electronics/index85eb.html]
[sb-supermarket.mybigcommerce.com/electronics/index612c.html]
[sb-supermarket.mybigcommerce.com/electronics/indexcccb.html]
[sb-supermarket.mybigcommerce.com/electronics/indexd408.html]
[sb-supermarket.mybigcommerce.com/electronics/index821e.html]
[sb-supermarket.mybigcommerce.com/electronics/index5d3b.html]
[sb-supermarket.mybigcommerce.com/electronics/index2679.html]
[sb-supermarket.mybigcommerce.com/electronics/index.html]
[sb-supermarket.mybigcommerce.com/electronics/boys-news/index85eb.html]
[sb-supermarket.mybigcommerce.com/electronics/boys-news/index612c.html]
[sb-supermarket.mybigcommerce.com/electronics/boys-news/index.html]
[sb-supermarket.mybigcommerce.com/electronics/cosmetics/index85eb.html]
[sb-supermarket.mybigcommerce.com/electronics/cosmetics/index612c.html]
[sb-supermarket.mybigcommerce.com/electronics/cosmetics/index.html]
[sb-supermarket.mybigcommerce.com/electronics/smart-tvs/index85eb.html]
[sb-supermarket.mybigcommerce.com/electronics/smart-tvs/index612c.html]
[sb-supermarket.mybigcommerce.com/electronics/smart-tvs/index.html]
[sb-supermarket.mybigcommerce.com/electronics/jewelry/index612c.html]
[sb-supermarket.mybigcommerce.com/electronics/jewelry/index85eb.html]
[sb-supermarket.mybigcommerce.com/electronics/jewelry/index.html]
[sb-supermarket.mybigcommerce.com/electronics/cup-cake/index612c.html]
[sb-supermarket.mybigcommerce.com/electronics/cup-cake/index85eb.html]
[sb-supermarket.mybigcommerce.com/electronics/cup-cake/index.html]
[sb-supermarket.mybigcommerce.com/electronics/delicacies/index612c.html]
[sb-supermarket.mybigcommerce.com/electronics/delicacies/index85eb.html]
[sb-supermarket.mybigcommerce.com/electronics/delicacies/index.html]
[sb-supermarket.mybigcommerce.com/electronics/handbags/index612c.html]
[sb-supermarket.mybigcommerce.com/electronics/handbags/index85eb.html]
[sb-supermarket.mybigcommerce.com/electronics/handbags/index.html]
[sb-supermarket.mybigcommerce.com/bedroom/index85eb.html]
[sb-supermarket.mybigcommerce.com/bedroom/index612c.html]
[sb-supermarket.mybigcommerce.com/bedroom/index.html]
[sb-supermarket.mybigcommerce.com/food-restaurant/index85eb.html]
[sb-supermarket.mybigcommerce.com/food-restaurant/index612c.html]
[sb-supermarket.mybigcommerce.com/food-restaurant/index.html]
[sb-supermarket.mybigcommerce.com/living-room/index612c.html]
[sb-supermarket.mybigcommerce.com/living-room/index85eb.html]
[sb-supermarket.mybigcommerce.com/living-room/index.html]
[sb-supermarket.mybigcommerce.com/metallurgy/index85eb.html]
[sb-supermarket.mybigcommerce.com/metallurgy/index612c.html]
[sb-supermarket.mybigcommerce.com/metallurgy/index.html]
[sb-supermarket.mybigcommerce.com/publications/index612c.html]
[sb-supermarket.mybigcommerce.com/publications/index85eb.html]
[sb-supermarket.mybigcommerce.com/publications/index.html]
[sb-supermarket.mybigcommerce.com/utility/index612c.html]
[sb-supermarket.mybigcommerce.com/utility/index85eb.html]
[sb-supermarket.mybigcommerce.com/utility/indexd2e6.html]
[sb-supermarket.mybigcommerce.com/utility/index20fa.html]
[sb-supermarket.mybigcommerce.com/utility/index42b5.html]
[sb-supermarket.mybigcommerce.com/utility/index4fa9.html]
[sb-supermarket.mybigcommerce.com/utility/indexaf78.html]
[sb-supermarket.mybigcommerce.com/utility/index.html]
[sb-supermarket.mybigcommerce.com/gifts-toys/index85eb.html]
[sb-supermarket.mybigcommerce.com/gifts-toys/index612c.html]
[sb-supermarket.mybigcommerce.com/gifts-toys/index.html]
[sb-supermarket.mybigcommerce.com/garden/index612c.html]
[sb-supermarket.mybigcommerce.com/garden/index85eb.html]
[sb-supermarket.mybigcommerce.com/garden/index.html]
[sb-supermarket.mybigcommerce.com/kitchen/index85eb.html]
[sb-supermarket.mybigcommerce.com/kitchen/index1eaa.html]
[sb-supermarket.mybigcommerce.com/kitchen/index612c.html]
[sb-supermarket.mybigcommerce.com/kitchen/index2152.html]
[sb-supermarket.mybigcommerce.com/kitchen/index9f7a.html]
[sb-supermarket.mybigcommerce.com/kitchen/index0b64.html]
[sb-supermarket.mybigcommerce.com/kitchen/index2706.html]
[sb-supermarket.mybigcommerce.com/kitchen/index.html]
[sb-supermarket.mybigcommerce.com/cart85eb.html]
[sb-supermarket.mybigcommerce.com/cart612c.html]
[sb-supermarket.mybigcommerce.com/cart.html]
[sb-supermarket.mybigcommerce.com/login85eb.html]
[sb-supermarket.mybigcommerce.com/login612c.html]
[sb-supermarket.mybigcommerce.com/login.html]
[sb-supermarket.mybigcommerce.com/contact-us/index.html]
[sb-supermarket.mybigcommerce.com/contact-us/index612c.html]
[sb-supermarket.mybigcommerce.com/contact-us/index85eb.html]
[sb-supermarket.mybigcommerce.com/blog/tag/markert.html]
[sb-supermarket.mybigcommerce.com/blog/index85eb.html]
[sb-supermarket.mybigcommerce.com/blog/index612c.html]
[sb-supermarket.mybigcommerce.com/blog/tag/blogs.html]
[sb-supermarket.mybigcommerce.com/blog/commodo-laoreet-semper-tincidunsit/index.html]
[sb-supermarket.mybigcommerce.com/blog/tag/bigcommerce.html]
[sb-supermarket.mybigcommerce.com/blog/kire-tuma-feugiat-/index.html]
[sb-supermarket.mybigcommerce.com/blog/tag/blog.html]
[sb-supermarket.mybigcommerce.com/blog/tag/Blog-2.html]
[sb-supermarket.mybigcommerce.com/blog/index.html]
[sb-supermarket.mybigcommerce.com/blog/tag/SEO.html]
[sb-supermarket.mybigcommerce.com/blog/duis-autem-vel-eum-tempor-invidunt-ut-labore-et-/index.html]
[sb-supermarket.mybigcommerce.com/blog/enim-ad-minim-veniam-justo-duo-dolores-et-ea/index.html]
[sb-supermarket.mybigcommerce.com/blog/biten-demons-lector-in-henderit-in-vulp/index.html]
[sb-supermarket.mybigcommerce.com/blog/duis-autem-vel-eum-irure-sed-diam-nonumy/index.html]
[sb-supermarket.mybigcommerce.com/pages/index.html]
[sb-supermarket.mybigcommerce.com/pages/index612c.html]
[sb-supermarket.mybigcommerce.com/pages/index85eb.html]
[sb-supermarket.mybigcommerce.com/faqs/index.html]
[sb-supermarket.mybigcommerce.com/photo-gallery/index.html]
[sb-supermarket.mybigcommerce.com/faqs/index85eb.html]
[sb-supermarket.mybigcommerce.com/faqs/index612c.html]
[sb-supermarket.mybigcommerce.com/photo-gallery/index85eb.html]
[sb-supermarket.mybigcommerce.com/photo-gallery/index612c.html]
[sb-supermarket.mybigcommerce.com/services/index.html]
[sb-supermarket.mybigcommerce.com/support-24-7/index.html]
[sb-supermarket.mybigcommerce.com/services/index612c.html]
[sb-supermarket.mybigcommerce.com/services/index85eb.html]
[sb-supermarket.mybigcommerce.com/support-24-7/index612c.html]
[sb-supermarket.mybigcommerce.com/support-24-7/index85eb.html]
[sb-supermarket.mybigcommerce.com/shipping-returns/index.html]
[sb-supermarket.mybigcommerce.com/shipping-returns/index85eb.html]
[sb-supermarket.mybigcommerce.com/shipping-returns/index612c.html]
[sb-supermarket.mybigcommerce.com/index85eb.html]
[sb-supermarket.mybigcommerce.com/index612c.html]
[sb-supermarket.mybigcommerce.com/logind85d.html]
[sb-supermarket.mybigcommerce.com/compare85eb.html]
[sb-supermarket.mybigcommerce.com/compare612c.html]
[sb-supermarket.mybigcommerce.com/compare.html]
[sb-supermarket.mybigcommerce.com/login830b.html]
[sb-supermarket.mybigcommerce.com/sample-able-brewing-system/index85eb.html]
[sb-supermarket.mybigcommerce.com/sample-able-brewing-system/index612c.html]
[sb-supermarket.mybigcommerce.com/login155f.html]
[sb-supermarket.mybigcommerce.com/sample-able-brewing-system/index.html]
[sb-supermarket.mybigcommerce.com/sample-tiered-wire-basket/index85eb.html]
[sb-supermarket.mybigcommerce.com/sample-tiered-wire-basket/index612c.html]
[sb-supermarket.mybigcommerce.com/logina347.html]
[sb-supermarket.mybigcommerce.com/sample-tiered-wire-basket/index.html]
[sb-supermarket.mybigcommerce.com/sample-canvas-laundry-cart/index85eb.html]
[sb-supermarket.mybigcommerce.com/sample-canvas-laundry-cart/index612c.html]
[sb-supermarket.mybigcommerce.com/login85fa.html]
[sb-supermarket.mybigcommerce.com/sample-canvas-laundry-cart/index.html]
[sb-supermarket.mybigcommerce.com/sample-chemex-coffeemaker-3-cup/index612c.html]
[sb-supermarket.mybigcommerce.com/sample-chemex-coffeemaker-3-cup/index85eb.html]
[sb-supermarket.mybigcommerce.com/login00ba.html]
[sb-supermarket.mybigcommerce.com/sample-chemex-coffeemaker-3-cup/index.html]
[sb-supermarket.mybigcommerce.com/sample-fog-linen-chambray-towel-beige-stripe/index85eb.html]
[sb-supermarket.mybigcommerce.com/sample-fog-linen-chambray-towel-beige-stripe/index612c.html]
[sb-supermarket.mybigcommerce.com/login08bc.html]
[sb-supermarket.mybigcommerce.com/sample-fog-linen-chambray-towel-beige-stripe/index.html]
[sb-supermarket.mybigcommerce.com/sample-oak-cheese-grater/index85eb.html]
[sb-supermarket.mybigcommerce.com/sample-oak-cheese-grater/index612c.html]
[sb-supermarket.mybigcommerce.com/login2a56.html]
[sb-supermarket.mybigcommerce.com/sample-oak-cheese-grater/index.html]
[sb-supermarket.mybigcommerce.com/loginf185.html]
[sb-supermarket.mybigcommerce.com/sample-smith-journal-13/index85eb.html]
[sb-supermarket.mybigcommerce.com/sample-smith-journal-13/index612c.html]
[sb-supermarket.mybigcommerce.com/sample-smith-journal-13/index.html]
[sb-supermarket.mybigcommerce.com/sample-dustpan-brush/index85eb.html]
[sb-supermarket.mybigcommerce.com/sample-dustpan-brush/index612c.html]
[sb-supermarket.mybigcommerce.com/login9a57.html]
[sb-supermarket.mybigcommerce.com/sample-dustpan-brush/index.html]
[sb-supermarket.mybigcommerce.com/sample-utility-caddy/index612c.html]
[sb-supermarket.mybigcommerce.com/sample-utility-caddy/index85eb.html]
[sb-supermarket.mybigcommerce.com/login412d.html]
[sb-supermarket.mybigcommerce.com/sample-utility-caddy/index.html]
[sb-supermarket.mybigcommerce.com/sample-laundry-detergent/index612c.html]
[sb-supermarket.mybigcommerce.com/sample-laundry-detergent/index85eb.html]
[sb-supermarket.mybigcommerce.com/login8bbe.html]
[sb-supermarket.mybigcommerce.com/sample-laundry-detergent/index.html]
[sb-supermarket.mybigcommerce.com/blog/incididunt-ut-labore-et-dolore-magna-aliqua/index612c.html]
[sb-supermarket.mybigcommerce.com/blog/incididunt-ut-labore-et-dolore-magna-aliqua/index85eb.html]
[sb-supermarket.mybigcommerce.com/blog/incididunt-ut-labore-et-dolore-magna-aliqua/index.html]
[sb-supermarket.mybigcommerce.com/blog/duis-aute-irure-dolor-in-rep-rehenderit/index612c.html]
[sb-supermarket.mybigcommerce.com/blog/duis-aute-irure-dolor-in-rep-rehenderit/index85eb.html]
[sb-supermarket.mybigcommerce.com/blog/duis-aute-irure-dolor-in-rep-rehenderit/index.html]
[sb-supermarket.mybigcommerce.com/blog/kire-tuma-demons-vel-eum-iriure-dolor/index612c.html]
[sb-supermarket.mybigcommerce.com/blog/kire-tuma-demons-vel-eum-iriure-dolor/index85eb.html]
[sb-supermarket.mybigcommerce.com/blog/kire-tuma-demons-vel-eum-iriure-dolor/index.html]
[sb-supermarket.mybigcommerce.com/smartphone/index.html]
[sb-supermarket.mybigcommerce.com/fashion/index.html]
[sb-supermarket.mybigcommerce.com/sport-clothing/index.html]
[sb-supermarket.mybigcommerce.com/computer/index.html]
[sb-supermarket.mybigcommerce.com/bath/index.html]
[sb-supermarket.mybigcommerce.com/electronics/indexfdaa.html]
[sb-supermarket.mybigcommerce.com/electronics/index25c1.html]
[sb-supermarket.mybigcommerce.com/electronics/index6f53.html]
[sb-supermarket.mybigcommerce.com/electronics/index274b.html]
[sb-supermarket.mybigcommerce.com/electronics/index6d1a.html]
[sb-supermarket.mybigcommerce.com/electronics/index3f9f.html]
[sb-supermarket.mybigcommerce.com/electronics/indexd806.html]
[sb-supermarket.mybigcommerce.com/electronics/index8676.html]
[sb-supermarket.mybigcommerce.com/accessories/electronics/index80f8.html]
[sb-supermarket.mybigcommerce.com/accessories/electronics/indexdf95.html]
[sb-supermarket.mybigcommerce.com/accessories/electronics/indexe537.html]
[sb-supermarket.mybigcommerce.com/accessories/electronics/index98e9.html]
[sb-supermarket.mybigcommerce.com/accessories/electronics/index36b3.html]
[sb-supermarket.mybigcommerce.com/accessories/electronics/index8676.html]
[sb-supermarket.mybigcommerce.com/accessories/furnitures-decor/index3287.html]
[sb-supermarket.mybigcommerce.com/accessories/furnitures-decor/index4828.html]
[sb-supermarket.mybigcommerce.com/accessories/furnitures-decor/index83fa.html]
[sb-supermarket.mybigcommerce.com/accessories/furnitures-decor/index4379.html]
[sb-supermarket.mybigcommerce.com/accessories/furnitures-decor/index400b.html]
[sb-supermarket.mybigcommerce.com/accessories/furnitures-decor/index8676.html]
[sb-supermarket.mybigcommerce.com/accessories/fashion-accessories/indexcfa7.html]
[sb-supermarket.mybigcommerce.com/accessories/fashion-accessories/indexe3c6.html]
[sb-supermarket.mybigcommerce.com/accessories/fashion-accessories/index6123.html]
[sb-supermarket.mybigcommerce.com/accessories/fashion-accessories/index7e1d.html]
[sb-supermarket.mybigcommerce.com/accessories/fashion-accessories/indexd519.html]
[sb-supermarket.mybigcommerce.com/accessories/fashion-accessories/index8676.html]
[sb-supermarket.mybigcommerce.com/categories4658.html]
[sb-supermarket.mybigcommerce.com/categories85eb.html]
[sb-supermarket.mybigcommerce.com/categories612c.html]
[sb-supermarket.mybigcommerce.com/categories547c.html]
[sb-supermarket.mybigcommerce.com/categoriesd408.html]
[sb-supermarket.mybigcommerce.com/categoriescccb.html]
[sb-supermarket.mybigcommerce.com/categories821e.html]
[sb-supermarket.mybigcommerce.com/categories5d3b.html]
[sb-supermarket.mybigcommerce.com/categories.html]
[sb-supermarket.mybigcommerce.com/categories2679.html]
[sb-supermarket.mybigcommerce.com/brands/ofs/index85eb.html]
[sb-supermarket.mybigcommerce.com/brands/ofs/index612c.html]
[sb-supermarket.mybigcommerce.com/brands/ofs/index.html]
[sb-supermarket.mybigcommerce.com/brands/common-good/index85eb.html]
[sb-supermarket.mybigcommerce.com/brands/common-good/index612c.html]
[sb-supermarket.mybigcommerce.com/brands/common-good/index.html]
[sb-supermarket.mybigcommerce.com/brands/sagaform/index85eb.html]
[sb-supermarket.mybigcommerce.com/brands/sagaform/index.html]
[sb-supermarket.mybigcommerce.com/brands/sagaform/index612c.html]
[sb-supermarket.mybigcommerce.com/brands/index.html]
[sb-supermarket.mybigcommerce.com/brands/index85eb.html]
[sb-supermarket.mybigcommerce.com/brands/index612c.html]
[sb-supermarket.mybigcommerce.com/logind1fa.html]
[sb-supermarket.mybigcommerce.com/login91d7.html]
[sb-supermarket.mybigcommerce.com/login83b1.html]
[sb-supermarket.mybigcommerce.com/logine921.html]
[sb-supermarket.mybigcommerce.com/login479d.html]
[sb-supermarket.mybigcommerce.com/login5df3.html]
[sb-supermarket.mybigcommerce.com/login1273.html]
[sb-supermarket.mybigcommerce.com/logindda8.html]
[sb-supermarket.mybigcommerce.com/login5946.html]
[sb-supermarket.mybigcommerce.com/login1c39.html]
[sb-supermarket.mybigcommerce.com/login8e0b.html]
[sb-supermarket.mybigcommerce.com/login0f53.html]
[sb-supermarket.mybigcommerce.com/login432d.html]
[sb-supermarket.mybigcommerce.com/loginb320.html]
[sb-supermarket.mybigcommerce.com/login0447.html]
[sb-supermarket.mybigcommerce.com/login538d.html]
[sb-supermarket.mybigcommerce.com/login5485.html]
[sb-supermarket.mybigcommerce.com/login8311.html]
[sb-supermarket.mybigcommerce.com/login0bd6.html]
[sb-supermarket.mybigcommerce.com/login24fe.html]
[sb-supermarket.mybigcommerce.com/login4104.html]
[sb-supermarket.mybigcommerce.com/logince74.html]
[sb-supermarket.mybigcommerce.com/login69b0.html]
[sb-supermarket.mybigcommerce.com/logina61b.html]
[sb-supermarket.mybigcommerce.com/pages187d.html]
[sb-supermarket.mybigcommerce.com/login36ab.html]
[sb-supermarket.mybigcommerce.com/loginebdc.html]
[sb-supermarket.mybigcommerce.com/logina1d6.html]
[sb-supermarket.mybigcommerce.com/login2e8d.html]
[sb-supermarket.mybigcommerce.com/logind99d.html]
[sb-supermarket.mybigcommerce.com/login7764.html]
[sb-supermarket.mybigcommerce.com/accessories/index85eb.html]
[sb-supermarket.mybigcommerce.com/accessories/index612c.html]
[sb-supermarket.mybigcommerce.com/accessories/indexd2e6.html]
[sb-supermarket.mybigcommerce.com/accessories/index20fa.html]
[sb-supermarket.mybigcommerce.com/accessories/index547c.html]
[sb-supermarket.mybigcommerce.com/accessories/indexcccb.html]
[sb-supermarket.mybigcommerce.com/accessories/index5d3b.html]
[sb-supermarket.mybigcommerce.com/accessories/indexd408.html]
[sb-supermarket.mybigcommerce.com/accessories/index821e.html]
[sb-supermarket.mybigcommerce.com/accessories/index42b5.html]
[sb-supermarket.mybigcommerce.com/accessories/indexaf78.html]
[sb-supermarket.mybigcommerce.com/accessories/index4fa9.html]
[sb-supermarket.mybigcommerce.com/accessories/electronics/index85eb.html]
[sb-supermarket.mybigcommerce.com/accessories/electronics/index612c.html]
[sb-supermarket.mybigcommerce.com/accessories/electronics/indexd2e6.html]
[sb-supermarket.mybigcommerce.com/accessories/electronics/index20fa.html]
[sb-supermarket.mybigcommerce.com/accessories/electronics/index42b5.html]
[sb-supermarket.mybigcommerce.com/accessories/electronics/indexaf78.html]
[sb-supermarket.mybigcommerce.com/accessories/electronics/index4fa9.html]
[sb-supermarket.mybigcommerce.com/sample-orbit-terrarium-small/index612c.html]
[sb-supermarket.mybigcommerce.com/sample-orbit-terrarium-small/index85eb.html]
[sb-supermarket.mybigcommerce.com/loginefd4.html]
[sb-supermarket.mybigcommerce.com/sample-orbit-terrarium-small/index.html]
[sb-supermarket.mybigcommerce.com/giftcertificatesb91e.html]
[sb-supermarket.mybigcommerce.com/giftcertificatese8f7.html]
[sb-supermarket.mybigcommerce.com/accessories/electronics/apple/index85eb.html]
[sb-supermarket.mybigcommerce.com/accessories/electronics/apple/index612c.html]
[sb-supermarket.mybigcommerce.com/accessories/electronics/apple/index2b66.html]
[sb-supermarket.mybigcommerce.com/accessories/electronics/apple/index5268.html]
[sb-supermarket.mybigcommerce.com/accessories/electronics/apple/indexe746.html]
[sb-supermarket.mybigcommerce.com/accessories/electronics/apple/indexb0fb.html]
[sb-supermarket.mybigcommerce.com/accessories/electronics/apple/indexd633.html]
[sb-supermarket.mybigcommerce.com/accessories/electronics/dell/index85eb.html]
[sb-supermarket.mybigcommerce.com/accessories/electronics/dell/index612c.html]
[sb-supermarket.mybigcommerce.com/accessories/electronics/dell/index2b66.html]
[sb-supermarket.mybigcommerce.com/accessories/electronics/dell/index5268.html]
[sb-supermarket.mybigcommerce.com/accessories/electronics/dell/indexe746.html]
[sb-supermarket.mybigcommerce.com/accessories/electronics/dell/indexb0fb.html]
[sb-supermarket.mybigcommerce.com/accessories/electronics/dell/indexd633.html]
[sb-supermarket.mybigcommerce.com/accessories/electronics/esdipiscing/index85eb.html]
[sb-supermarket.mybigcommerce.com/accessories/electronics/esdipiscing/index612c.html]
[sb-supermarket.mybigcommerce.com/accessories/electronics/esdipiscing/index2b66.html]
[sb-supermarket.mybigcommerce.com/accessories/electronics/esdipiscing/index5268.html]
[sb-supermarket.mybigcommerce.com/accessories/electronics/esdipiscing/indexe746.html]
[sb-supermarket.mybigcommerce.com/accessories/electronics/esdipiscing/indexb0fb.html]
[sb-supermarket.mybigcommerce.com/accessories/electronics/esdipiscing/indexd633.html]
[sb-supermarket.mybigcommerce.com/accessories/electronics/scanners/index85eb.html]
[sb-supermarket.mybigcommerce.com/accessories/electronics/scanners/index612c.html]
[sb-supermarket.mybigcommerce.com/accessories/electronics/scanners/index2b66.html]
[sb-supermarket.mybigcommerce.com/accessories/electronics/scanners/index5268.html]
[sb-supermarket.mybigcommerce.com/accessories/electronics/scanners/indexe746.html]
[sb-supermarket.mybigcommerce.com/accessories/electronics/scanners/indexb0fb.html]
[sb-supermarket.mybigcommerce.com/accessories/electronics/scanners/indexd633.html]
[sb-supermarket.mybigcommerce.com/accessories/electronics/sony/index85eb.html]
[sb-supermarket.mybigcommerce.com/accessories/electronics/sony/index612c.html]
[sb-supermarket.mybigcommerce.com/accessories/electronics/sony/index2b66.html]
[sb-supermarket.mybigcommerce.com/accessories/electronics/sony/index5268.html]
[sb-supermarket.mybigcommerce.com/accessories/electronics/sony/indexe746.html]
[sb-supermarket.mybigcommerce.com/accessories/electronics/sony/indexb0fb.html]
[sb-supermarket.mybigcommerce.com/accessories/electronics/sony/indexd633.html]
[sb-supermarket.mybigcommerce.com/accessories/electronics/toshiba/index85eb.html]
[sb-supermarket.mybigcommerce.com/accessories/electronics/toshiba/index612c.html]
[sb-supermarket.mybigcommerce.com/accessories/electronics/toshiba/index2b66.html]
[sb-supermarket.mybigcommerce.com/accessories/electronics/toshiba/index5268.html]
[sb-supermarket.mybigcommerce.com/accessories/electronics/toshiba/indexe746.html]
[sb-supermarket.mybigcommerce.com/accessories/electronics/toshiba/indexb0fb.html]
[sb-supermarket.mybigcommerce.com/accessories/electronics/toshiba/indexd633.html]
[sb-supermarket.mybigcommerce.com/accessories/fashion-accessories/index85eb.html]
[sb-supermarket.mybigcommerce.com/accessories/fashion-accessories/index612c.html]
[sb-supermarket.mybigcommerce.com/accessories/fashion-accessories/index30ad.html]
[sb-supermarket.mybigcommerce.com/accessories/fashion-accessories/index76d9.html]
[sb-supermarket.mybigcommerce.com/accessories/fashion-accessories/indexb28d.html]
[sb-supermarket.mybigcommerce.com/accessories/fashion-accessories/index81b1.html]
[sb-supermarket.mybigcommerce.com/accessories/fashion-accessories/index8f64.html]
[sb-supermarket.mybigcommerce.com/sample-orbit-terrarium-large/index85eb.html]
[sb-supermarket.mybigcommerce.com/sample-orbit-terrarium-large/index612c.html]
[sb-supermarket.mybigcommerce.com/login8f3f.html]
[sb-supermarket.mybigcommerce.com/sample-orbit-terrarium-large/index.html]
[sb-supermarket.mybigcommerce.com/accessories/technology/appliances/index85eb.html]
[sb-supermarket.mybigcommerce.com/accessories/technology/appliances/index612c.html]
[sb-supermarket.mybigcommerce.com/accessories/technology/appliances/index30ad.html]
[sb-supermarket.mybigcommerce.com/accessories/technology/appliances/index76d9.html]
[sb-supermarket.mybigcommerce.com/accessories/technology/appliances/indexb28d.html]
[sb-supermarket.mybigcommerce.com/accessories/technology/appliances/index81b1.html]
[sb-supermarket.mybigcommerce.com/accessories/technology/appliances/index8f64.html]
[sb-supermarket.mybigcommerce.com/accessories/technology/fashion/index85eb.html]
[sb-supermarket.mybigcommerce.com/accessories/technology/fashion/index612c.html]
[sb-supermarket.mybigcommerce.com/accessories/technology/fashion/index30ad.html]
[sb-supermarket.mybigcommerce.com/accessories/technology/fashion/index76d9.html]
[sb-supermarket.mybigcommerce.com/accessories/technology/fashion/indexb28d.html]
[sb-supermarket.mybigcommerce.com/accessories/technology/fashion/index81b1.html]
[sb-supermarket.mybigcommerce.com/accessories/technology/fashion/index8f64.html]
[sb-supermarket.mybigcommerce.com/accessories/technology/qunge-genga/index85eb.html]
[sb-supermarket.mybigcommerce.com/accessories/technology/qunge-genga/index612c.html]
[sb-supermarket.mybigcommerce.com/accessories/technology/qunge-genga/index30ad.html]
[sb-supermarket.mybigcommerce.com/accessories/technology/qunge-genga/index76d9.html]
[sb-supermarket.mybigcommerce.com/accessories/technology/qunge-genga/indexb28d.html]
[sb-supermarket.mybigcommerce.com/accessories/technology/qunge-genga/index81b1.html]
[sb-supermarket.mybigcommerce.com/accessories/technology/qunge-genga/index8f64.html]
[sb-supermarket.mybigcommerce.com/accessories/technology/smartphone/index85eb.html]
[sb-supermarket.mybigcommerce.com/accessories/technology/smartphone/index612c.html]
[sb-supermarket.mybigcommerce.com/accessories/technology/smartphone/index30ad.html]
[sb-supermarket.mybigcommerce.com/accessories/technology/smartphone/index76d9.html]
[sb-supermarket.mybigcommerce.com/accessories/technology/smartphone/indexb28d.html]
[sb-supermarket.mybigcommerce.com/accessories/technology/smartphone/index81b1.html]
[sb-supermarket.mybigcommerce.com/accessories/technology/smartphone/index8f64.html]
[sb-supermarket.mybigcommerce.com/accessories/fashion-accessories/sound/index85eb.html]
[sb-supermarket.mybigcommerce.com/accessories/fashion-accessories/sound/index612c.html]
[sb-supermarket.mybigcommerce.com/accessories/fashion-accessories/sound/index30ad.html]
[sb-supermarket.mybigcommerce.com/accessories/fashion-accessories/sound/index76d9.html]
[sb-supermarket.mybigcommerce.com/accessories/fashion-accessories/sound/indexb28d.html]
[sb-supermarket.mybigcommerce.com/accessories/fashion-accessories/sound/index81b1.html]
[sb-supermarket.mybigcommerce.com/accessories/fashion-accessories/sound/index8f64.html]
[sb-supermarket.mybigcommerce.com/accessories/furnitures-decor/index85eb.html]
[sb-supermarket.mybigcommerce.com/accessories/furnitures-decor/index612c.html]
[sb-supermarket.mybigcommerce.com/accessories/furnitures-decor/indexea41.html]
[sb-supermarket.mybigcommerce.com/accessories/furnitures-decor/indexd4fb.html]
[sb-supermarket.mybigcommerce.com/accessories/furnitures-decor/indexbf6c.html]
[sb-supermarket.mybigcommerce.com/accessories/furnitures-decor/index3597.html]
[sb-supermarket.mybigcommerce.com/accessories/furnitures-decor/indexaa61.html]
[sb-supermarket.mybigcommerce.com/lommodo-quiutvenia/index612c.html]
[sb-supermarket.mybigcommerce.com/logind735.html]
[sb-supermarket.mybigcommerce.com/lommodo-quiutvenia/index85eb.html]
[sb-supermarket.mybigcommerce.com/lommodo-quiutvenia/index.html]
[sb-supermarket.mybigcommerce.com/accessories/health-beauty/diam-sit/index85eb.html]
[sb-supermarket.mybigcommerce.com/accessories/health-beauty/diam-sit/index612c.html]
[sb-supermarket.mybigcommerce.com/accessories/health-beauty/diam-sit/indexea41.html]
[sb-supermarket.mybigcommerce.com/accessories/health-beauty/diam-sit/indexd4fb.html]
[sb-supermarket.mybigcommerce.com/accessories/health-beauty/diam-sit/indexbf6c.html]
[sb-supermarket.mybigcommerce.com/accessories/health-beauty/diam-sit/index3597.html]
[sb-supermarket.mybigcommerce.com/accessories/health-beauty/diam-sit/indexaa61.html]
[sb-supermarket.mybigcommerce.com/accessories/health-beauty/labore-et/index85eb.html]
[sb-supermarket.mybigcommerce.com/accessories/health-beauty/labore-et/index612c.html]
[sb-supermarket.mybigcommerce.com/accessories/health-beauty/labore-et/indexea41.html]
[sb-supermarket.mybigcommerce.com/accessories/health-beauty/labore-et/indexd4fb.html]
[sb-supermarket.mybigcommerce.com/accessories/health-beauty/labore-et/indexbf6c.html]
[sb-supermarket.mybigcommerce.com/accessories/health-beauty/labore-et/index3597.html]
[sb-supermarket.mybigcommerce.com/accessories/health-beauty/labore-et/indexaa61.html]
[sb-supermarket.mybigcommerce.com/accessories/health-beauty/monitors/index85eb.html]
[sb-supermarket.mybigcommerce.com/accessories/health-beauty/monitors/index612c.html]
[sb-supermarket.mybigcommerce.com/accessories/health-beauty/monitors/indexea41.html]
[sb-supermarket.mybigcommerce.com/accessories/health-beauty/monitors/indexd4fb.html]
[sb-supermarket.mybigcommerce.com/accessories/health-beauty/monitors/indexbf6c.html]
[sb-supermarket.mybigcommerce.com/accessories/health-beauty/monitors/index3597.html]
[sb-supermarket.mybigcommerce.com/accessories/health-beauty/monitors/indexaa61.html]
[sb-supermarket.mybigcommerce.com/accessories/health-beauty/scanners/index85eb.html]
[sb-supermarket.mybigcommerce.com/accessories/health-beauty/scanners/index612c.html]
[sb-supermarket.mybigcommerce.com/accessories/health-beauty/scanners/indexea41.html]
[sb-supermarket.mybigcommerce.com/accessories/health-beauty/scanners/indexd4fb.html]
[sb-supermarket.mybigcommerce.com/accessories/health-beauty/scanners/indexbf6c.html]
[sb-supermarket.mybigcommerce.com/accessories/health-beauty/scanners/index3597.html]
[sb-supermarket.mybigcommerce.com/accessories/health-beauty/scanners/indexaa61.html]
[sb-supermarket.mybigcommerce.com/accessories/health-beauty/web-cameras/index85eb.html]
[sb-supermarket.mybigcommerce.com/accessories/health-beauty/web-cameras/index612c.html]
[sb-supermarket.mybigcommerce.com/accessories/health-beauty/web-cameras/indexea41.html]
[sb-supermarket.mybigcommerce.com/accessories/health-beauty/web-cameras/indexd4fb.html]
[sb-supermarket.mybigcommerce.com/accessories/health-beauty/web-cameras/indexbf6c.html]
[sb-supermarket.mybigcommerce.com/accessories/health-beauty/web-cameras/index3597.html]
[sb-supermarket.mybigcommerce.com/accessories/health-beauty/web-cameras/indexaa61.html]
[sb-supermarket.mybigcommerce.com/electronics/index4658.html]
[sb-supermarket.mybigcommerce.com/electronics/indexb4bd.html]
[sb-supermarket.mybigcommerce.com/electronics/indexf82b.html]
[sb-supermarket.mybigcommerce.com/electronics/index85eb.html]
[sb-supermarket.mybigcommerce.com/electronics/indexf29c.html]
[sb-supermarket.mybigcommerce.com/electronics/index3d60.html]
[sb-supermarket.mybigcommerce.com/electronics/index612c.html]
[sb-supermarket.mybigcommerce.com/electronics/index547c.html]
[sb-supermarket.mybigcommerce.com/electronics/indexd408.html]
[sb-supermarket.mybigcommerce.com/electronics/indexcccb.html]
[sb-supermarket.mybigcommerce.com/electronics/index821e.html]
[sb-supermarket.mybigcommerce.com/electronics/index5d3b.html]
[sb-supermarket.mybigcommerce.com/electronics/index2679.html]
[sb-supermarket.mybigcommerce.com/electronics/boys-news/index85eb.html]
[sb-supermarket.mybigcommerce.com/electronics/boys-news/index612c.html]
[sb-supermarket.mybigcommerce.com/electronics/cosmetics/index85eb.html]
[sb-supermarket.mybigcommerce.com/electronics/cosmetics/index612c.html]
[sb-supermarket.mybigcommerce.com/electronics/smart-tvs/index85eb.html]
[sb-supermarket.mybigcommerce.com/electronics/smart-tvs/index612c.html]
[sb-supermarket.mybigcommerce.com/electronics/jewelry/index85eb.html]
[sb-supermarket.mybigcommerce.com/electronics/jewelry/index612c.html]
[sb-supermarket.mybigcommerce.com/electronics/cup-cake/index85eb.html]
[sb-supermarket.mybigcommerce.com/electronics/cup-cake/index612c.html]
[sb-supermarket.mybigcommerce.com/electronics/delicacies/index85eb.html]
[sb-supermarket.mybigcommerce.com/electronics/delicacies/index612c.html]
[sb-supermarket.mybigcommerce.com/electronics/handbags/index85eb.html]
[sb-supermarket.mybigcommerce.com/electronics/handbags/index612c.html]
[sb-supermarket.mybigcommerce.com/bedroom/index85eb.html]
[sb-supermarket.mybigcommerce.com/bedroom/index612c.html]
[sb-supermarket.mybigcommerce.com/food-restaurant/index85eb.html]
[sb-supermarket.mybigcommerce.com/food-restaurant/index612c.html]
[sb-supermarket.mybigcommerce.com/living-room/index85eb.html]
[sb-supermarket.mybigcommerce.com/living-room/index612c.html]
[sb-supermarket.mybigcommerce.com/metallurgy/index85eb.html]
[sb-supermarket.mybigcommerce.com/metallurgy/index612c.html]
[sb-supermarket.mybigcommerce.com/publications/index85eb.html]
[sb-supermarket.mybigcommerce.com/publications/index612c.html]
[sb-supermarket.mybigcommerce.com/utility/index85eb.html]
[sb-supermarket.mybigcommerce.com/utility/index612c.html]
[sb-supermarket.mybigcommerce.com/utility/indexd2e6.html]
[sb-supermarket.mybigcommerce.com/utility/index20fa.html]
[sb-supermarket.mybigcommerce.com/utility/index42b5.html]
[sb-supermarket.mybigcommerce.com/utility/indexaf78.html]
[sb-supermarket.mybigcommerce.com/utility/index4fa9.html]
[sb-supermarket.mybigcommerce.com/gifts-toys/index85eb.html]
[sb-supermarket.mybigcommerce.com/gifts-toys/index612c.html]
[sb-supermarket.mybigcommerce.com/garden/index85eb.html]
[sb-supermarket.mybigcommerce.com/garden/index612c.html]
[sb-supermarket.mybigcommerce.com/kitchen/index85eb.html]
[sb-supermarket.mybigcommerce.com/kitchen/index612c.html]
[sb-supermarket.mybigcommerce.com/kitchen/index1eaa.html]
[sb-supermarket.mybigcommerce.com/kitchen/index2152.html]
[sb-supermarket.mybigcommerce.com/kitchen/index9f7a.html]
[sb-supermarket.mybigcommerce.com/kitchen/index2706.html]
[sb-supermarket.mybigcommerce.com/kitchen/index0b64.html]
[sb-supermarket.mybigcommerce.com/cart85eb.html]
[sb-supermarket.mybigcommerce.com/cart612c.html]
[sb-supermarket.mybigcommerce.com/login85eb.html]
[sb-supermarket.mybigcommerce.com/login612c.html]
[sb-supermarket.mybigcommerce.com/contact-us/index85eb.html]
[sb-supermarket.mybigcommerce.com/contact-us/index612c.html]
[sb-supermarket.mybigcommerce.com/blog/index85eb.html]
[sb-supermarket.mybigcommerce.com/blog/index612c.html]
[sb-supermarket.mybigcommerce.com/blog/commodo-laoreet-semper-tincidunsit/index85eb.html]
[sb-supermarket.mybigcommerce.com/blog/commodo-laoreet-semper-tincidunsit/index612c.html]
[sb-supermarket.mybigcommerce.com/blog/commodo-laoreet-semper-tincidunsit/index.html]
[sb-supermarket.mybigcommerce.com/blog/kire-tuma-feugiat-/index612c.html]
[sb-supermarket.mybigcommerce.com/blog/kire-tuma-feugiat-/index85eb.html]
[sb-supermarket.mybigcommerce.com/blog/kire-tuma-feugiat-/index.html]
[sb-supermarket.mybigcommerce.com/blog/tag/markert85eb.html]
[sb-supermarket.mybigcommerce.com/blog/tag/markert612c.html]
[sb-supermarket.mybigcommerce.com/blog/tag/markert.html]
[sb-supermarket.mybigcommerce.com/blog/tag/blogs85eb.html]
[sb-supermarket.mybigcommerce.com/blog/tag/blogs612c.html]
[sb-supermarket.mybigcommerce.com/blog/tag/blogs.html]
[sb-supermarket.mybigcommerce.com/blog/tag/bigcommerce85eb.html]
[sb-supermarket.mybigcommerce.com/blog/tag/bigcommerce612c.html]
[sb-supermarket.mybigcommerce.com/blog/tag/bigcommerce.html]
[sb-supermarket.mybigcommerce.com/blog/tag/blog85eb.html]
[sb-supermarket.mybigcommerce.com/blog/tag/blog612c.html]
[sb-supermarket.mybigcommerce.com/blog/tag/blog.html]
[sb-supermarket.mybigcommerce.com/blog/tag/Blog85eb-2.html]
[sb-supermarket.mybigcommerce.com/blog/tag/Blog612c-2.html]
[sb-supermarket.mybigcommerce.com/blog/tag/Blog-2.html]
[sb-supermarket.mybigcommerce.com/blog/tag/SEO85eb.html]
[sb-supermarket.mybigcommerce.com/blog/tag/SEO612c.html]
[sb-supermarket.mybigcommerce.com/blog/tag/SEO.html]
[sb-supermarket.mybigcommerce.com/blog/enim-ad-minim-veniam-justo-duo-dolores-et-ea/index85eb.html]
[sb-supermarket.mybigcommerce.com/blog/enim-ad-minim-veniam-justo-duo-dolores-et-ea/index.html]
[sb-supermarket.mybigcommerce.com/blog/enim-ad-minim-veniam-justo-duo-dolores-et-ea/index612c.html]
[sb-supermarket.mybigcommerce.com/blog/duis-autem-vel-eum-tempor-invidunt-ut-labore-et-/index.html]
[sb-supermarket.mybigcommerce.com/blog/duis-autem-vel-eum-tempor-invidunt-ut-labore-et-/index85eb.html]
[sb-supermarket.mybigcommerce.com/blog/biten-demons-lector-in-henderit-in-vulp/index85eb.html]
[sb-supermarket.mybigcommerce.com/blog/duis-autem-vel-eum-tempor-invidunt-ut-labore-et-/index612c.html]
[sb-supermarket.mybigcommerce.com/blog/biten-demons-lector-in-henderit-in-vulp/index.html]
[sb-supermarket.mybigcommerce.com/blog/biten-demons-lector-in-henderit-in-vulp/index612c.html]
[sb-supermarket.mybigcommerce.com/blog/duis-autem-vel-eum-irure-sed-diam-nonumy/index.html]
[sb-supermarket.mybigcommerce.com/blog/tag/Seo-2.html]
[sb-supermarket.mybigcommerce.com/blog/duis-autem-vel-eum-irure-sed-diam-nonumy/index85eb.html]
[sb-supermarket.mybigcommerce.com/pages/index85eb.html]
[sb-supermarket.mybigcommerce.com/blog/duis-autem-vel-eum-irure-sed-diam-nonumy/index612c.html]
[sb-supermarket.mybigcommerce.com/pages/index612c.html]
[sb-supermarket.mybigcommerce.com/faqs/index85eb.html]
[sb-supermarket.mybigcommerce.com/faqs/index612c.html]
[sb-supermarket.mybigcommerce.com/photo-gallery/index85eb.html]
[sb-supermarket.mybigcommerce.com/photo-gallery/index612c.html]
[sb-supermarket.mybigcommerce.com/services/index85eb.html]
[sb-supermarket.mybigcommerce.com/services/index612c.html]
[sb-supermarket.mybigcommerce.com/support-24-7/index85eb.html]
[sb-supermarket.mybigcommerce.com/support-24-7/index612c.html]
[sb-supermarket.mybigcommerce.com/shipping-returns/index85eb.html]
[sb-supermarket.mybigcommerce.com/shipping-returns/index612c.html]
[sb-supermarket.mybigcommerce.com/compare85eb.html]
[sb-supermarket.mybigcommerce.com/compare612c.html]
[sb-supermarket.mybigcommerce.com/sample-able-brewing-system/index85eb.html]
[sb-supermarket.mybigcommerce.com/sample-able-brewing-system/index612c.html]
[sb-supermarket.mybigcommerce.com/login155f.html]
[sb-supermarket.mybigcommerce.com/sample-tiered-wire-basket/index85eb.html]
[sb-supermarket.mybigcommerce.com/sample-tiered-wire-basket/index612c.html]
[sb-supermarket.mybigcommerce.com/logina347.html]
[sb-supermarket.mybigcommerce.com/sample-canvas-laundry-cart/index85eb.html]
[sb-supermarket.mybigcommerce.com/sample-canvas-laundry-cart/index612c.html]
[sb-supermarket.mybigcommerce.com/login85fa.html]
[sb-supermarket.mybigcommerce.com/sample-chemex-coffeemaker-3-cup/index85eb.html]
[sb-supermarket.mybigcommerce.com/sample-chemex-coffeemaker-3-cup/index612c.html]
[sb-supermarket.mybigcommerce.com/login00ba.html]
[sb-supermarket.mybigcommerce.com/sample-fog-linen-chambray-towel-beige-stripe/index85eb.html]
[sb-supermarket.mybigcommerce.com/sample-fog-linen-chambray-towel-beige-stripe/index612c.html]
[sb-supermarket.mybigcommerce.com/login08bc.html]
[sb-supermarket.mybigcommerce.com/sample-oak-cheese-grater/index85eb.html]
[sb-supermarket.mybigcommerce.com/sample-oak-cheese-grater/index612c.html]
[sb-supermarket.mybigcommerce.com/login2a56.html]
[sb-supermarket.mybigcommerce.com/sample-smith-journal-13/index85eb.html]
[sb-supermarket.mybigcommerce.com/sample-smith-journal-13/index612c.html]
[sb-supermarket.mybigcommerce.com/loginf185.html]
[sb-supermarket.mybigcommerce.com/sample-dustpan-brush/index85eb.html]
[sb-supermarket.mybigcommerce.com/sample-dustpan-brush/index612c.html]
[sb-supermarket.mybigcommerce.com/login9a57.html]
[sb-supermarket.mybigcommerce.com/sample-utility-caddy/index85eb.html]
[sb-supermarket.mybigcommerce.com/sample-utility-caddy/index612c.html]
[sb-supermarket.mybigcommerce.com/login412d.html]
[sb-supermarket.mybigcommerce.com/sample-laundry-detergent/index85eb.html]
[sb-supermarket.mybigcommerce.com/sample-laundry-detergent/index612c.html]
[sb-supermarket.mybigcommerce.com/login8bbe.html]
[sb-supermarket.mybigcommerce.com/blog/incididunt-ut-labore-et-dolore-magna-aliqua/index85eb.html]
[sb-supermarket.mybigcommerce.com/blog/incididunt-ut-labore-et-dolore-magna-aliqua/index612c.html]
[sb-supermarket.mybigcommerce.com/blog/duis-aute-irure-dolor-in-rep-rehenderit/index85eb.html]
[sb-supermarket.mybigcommerce.com/blog/duis-aute-irure-dolor-in-rep-rehenderit/index612c.html]
[sb-supermarket.mybigcommerce.com/blog/kire-tuma-demons-vel-eum-iriure-dolor/index85eb.html]
[sb-supermarket.mybigcommerce.com/blog/kire-tuma-demons-vel-eum-iriure-dolor/index612c.html]
[sb-supermarket.mybigcommerce.com/electronics/indexfdaa.html]
[sb-supermarket.mybigcommerce.com/electronics/index6f53.html]
[sb-supermarket.mybigcommerce.com/electronics/index25c1.html]
[sb-supermarket.mybigcommerce.com/electronics/index6d1a.html]
[sb-supermarket.mybigcommerce.com/electronics/index274b.html]
[sb-supermarket.mybigcommerce.com/electronics/index3f9f.html]
[sb-supermarket.mybigcommerce.com/electronics/indexd806.html]
[sb-supermarket.mybigcommerce.com/accessories/electronics/index80f8.html]
[sb-supermarket.mybigcommerce.com/accessories/electronics/indexdf95.html]
[sb-supermarket.mybigcommerce.com/accessories/electronics/indexe537.html]
[sb-supermarket.mybigcommerce.com/accessories/electronics/index98e9.html]
[sb-supermarket.mybigcommerce.com/accessories/electronics/index36b3.html]
[sb-supermarket.mybigcommerce.com/accessories/furnitures-decor/index4379.html]
[sb-supermarket.mybigcommerce.com/accessories/furnitures-decor/index4828.html]
[sb-supermarket.mybigcommerce.com/accessories/furnitures-decor/index83fa.html]
[sb-supermarket.mybigcommerce.com/accessories/furnitures-decor/index3287.html]
[sb-supermarket.mybigcommerce.com/accessories/furnitures-decor/index400b.html]
[sb-supermarket.mybigcommerce.com/accessories/fashion-accessories/indexe3c6.html]
[sb-supermarket.mybigcommerce.com/accessories/fashion-accessories/indexcfa7.html]
[sb-supermarket.mybigcommerce.com/accessories/fashion-accessories/index6123.html]
[sb-supermarket.mybigcommerce.com/accessories/fashion-accessories/index7e1d.html]
[sb-supermarket.mybigcommerce.com/accessories/fashion-accessories/indexd519.html]
[sb-supermarket.mybigcommerce.com/categoriese3b6.html]
[sb-supermarket.mybigcommerce.com/categories244f.html]
[sb-supermarket.mybigcommerce.com/categories4658.html]
[sb-supermarket.mybigcommerce.com/categories85eb.html]
[sb-supermarket.mybigcommerce.com/categoriesf82b.html]
[sb-supermarket.mybigcommerce.com/categories612c.html]
[sb-supermarket.mybigcommerce.com/categories3d60.html]
[sb-supermarket.mybigcommerce.com/categories8842.html]
[sb-supermarket.mybigcommerce.com/categories0670.html]
[sb-supermarket.mybigcommerce.com/categories547c.html]
[sb-supermarket.mybigcommerce.com/categoriesa36e.html]
[sb-supermarket.mybigcommerce.com/categories495a.html]
[sb-supermarket.mybigcommerce.com/categoriesd408.html]
[sb-supermarket.mybigcommerce.com/categories1114.html]
[sb-supermarket.mybigcommerce.com/categories6c3f.html]
[sb-supermarket.mybigcommerce.com/categoriescccb.html]
[sb-supermarket.mybigcommerce.com/categoriesf291.html]
[sb-supermarket.mybigcommerce.com/categories3d5e.html]
[sb-supermarket.mybigcommerce.com/categories821e.html]
[sb-supermarket.mybigcommerce.com/categories4d2c.html]
[sb-supermarket.mybigcommerce.com/categories9475.html]
[sb-supermarket.mybigcommerce.com/categories5d3b.html]
[sb-supermarket.mybigcommerce.com/categories2679.html]
[sb-supermarket.mybigcommerce.com/brands/ofs/index85eb.html]
[sb-supermarket.mybigcommerce.com/brands/ofs/index612c.html]
[sb-supermarket.mybigcommerce.com/brands/common-good/index85eb.html]
[sb-supermarket.mybigcommerce.com/brands/common-good/index612c.html]
[sb-supermarket.mybigcommerce.com/brands/sagaform/index85eb.html]
[sb-supermarket.mybigcommerce.com/brands/sagaform/index612c.html]
[sb-supermarket.mybigcommerce.com/brands/index85eb.html]
[sb-supermarket.mybigcommerce.com/brands/index612c.html]
[sb-supermarket.mybigcommerce.com/login0f53.html]
[sb-supermarket.mybigcommerce.com/login432d.html]
[sb-supermarket.mybigcommerce.com/login0447.html]
[sb-supermarket.mybigcommerce.com/login538d.html]
[sb-supermarket.mybigcommerce.com/login0bd6.html]
[sb-supermarket.mybigcommerce.com/login24fe.html]
[sb-supermarket.mybigcommerce.com/logince74.html]
[sb-supermarket.mybigcommerce.com/login69b0.html]
[sb-supermarket.mybigcommerce.com/accessories/index547c.html]
[sb-supermarket.mybigcommerce.com/accessories/indexd408.html]
[sb-supermarket.mybigcommerce.com/accessories/indexcccb.html]
[sb-supermarket.mybigcommerce.com/accessories/index821e.html]
[sb-supermarket.mybigcommerce.com/accessories/index5d3b.html]
[sb-supermarket.mybigcommerce.com/sample-orbit-terrarium-small/index85eb.html]
[sb-supermarket.mybigcommerce.com/sample-orbit-terrarium-small/index612c.html]
[sb-supermarket.mybigcommerce.com/loginefd4.html]
[sb-supermarket.mybigcommerce.com/giftcertificatesb91e.html]
[sb-supermarket.mybigcommerce.com/sample-orbit-terrarium-large/index85eb.html]
[sb-supermarket.mybigcommerce.com/sample-orbit-terrarium-large/index612c.html]
[sb-supermarket.mybigcommerce.com/login8f3f.html]
[sb-supermarket.mybigcommerce.com/lommodo-quiutvenia/index85eb.html]
[sb-supermarket.mybigcommerce.com/lommodo-quiutvenia/index612c.html]
[sb-supermarket.mybigcommerce.com/logind735.html]
[sb-supermarket.mybigcommerce.com/electronics/indexb4bd.html]
[sb-supermarket.mybigcommerce.com/electronics/indexf82b.html]
[sb-supermarket.mybigcommerce.com/electronics/indexf29c.html]
[sb-supermarket.mybigcommerce.com/electronics/index3d60.html]
[sb-supermarket.mybigcommerce.com/blog/commodo-laoreet-semper-tincidunsit/index85eb.html]
[sb-supermarket.mybigcommerce.com/blog/commodo-laoreet-semper-tincidunsit/index612c.html]
[sb-supermarket.mybigcommerce.com/blog/kire-tuma-feugiat-/index85eb.html]
[sb-supermarket.mybigcommerce.com/blog/kire-tuma-feugiat-/index612c.html]
[sb-supermarket.mybigcommerce.com/blog/tag/markert85eb.html]
[sb-supermarket.mybigcommerce.com/blog/tag/markert612c.html]
[sb-supermarket.mybigcommerce.com/blog/tag/blogs85eb.html]
[sb-supermarket.mybigcommerce.com/blog/tag/blogs612c.html]
[sb-supermarket.mybigcommerce.com/blog/tag/bigcommerce85eb.html]
[sb-supermarket.mybigcommerce.com/blog/tag/bigcommerce612c.html]
[sb-supermarket.mybigcommerce.com/blog/tag/blog85eb.html]
[sb-supermarket.mybigcommerce.com/blog/tag/blog612c.html]
[sb-supermarket.mybigcommerce.com/blog/tag/Blog85eb-2.html]
[sb-supermarket.mybigcommerce.com/blog/tag/Blog612c-2.html]
[sb-supermarket.mybigcommerce.com/blog/tag/SEO85eb.html]
[sb-supermarket.mybigcommerce.com/blog/tag/SEO612c.html]
[sb-supermarket.mybigcommerce.com/blog/enim-ad-minim-veniam-justo-duo-dolores-et-ea/index85eb.html]
[sb-supermarket.mybigcommerce.com/blog/enim-ad-minim-veniam-justo-duo-dolores-et-ea/index612c.html]
[sb-supermarket.mybigcommerce.com/blog/duis-autem-vel-eum-tempor-invidunt-ut-labore-et-/index85eb.html]
[sb-supermarket.mybigcommerce.com/blog/duis-autem-vel-eum-tempor-invidunt-ut-labore-et-/index612c.html]
[sb-supermarket.mybigcommerce.com/blog/biten-demons-lector-in-henderit-in-vulp/index85eb.html]
[sb-supermarket.mybigcommerce.com/blog/biten-demons-lector-in-henderit-in-vulp/index612c.html]
[sb-supermarket.mybigcommerce.com/blog/duis-autem-vel-eum-irure-sed-diam-nonumy/index85eb.html]
[sb-supermarket.mybigcommerce.com/blog/duis-autem-vel-eum-irure-sed-diam-nonumy/index612c.html]
[sb-supermarket.mybigcommerce.com/blog/tag/Seo85eb-2.html]
[sb-supermarket.mybigcommerce.com/blog/tag/Seo612c-2.html]
[sb-supermarket.mybigcommerce.com/blog/tag/Seo-2.html]
[sb-supermarket.mybigcommerce.com/categoriese3b6.html]
[sb-supermarket.mybigcommerce.com/categories244f.html]
[sb-supermarket.mybigcommerce.com/categories3247.html]
[sb-supermarket.mybigcommerce.com/categories3f86.html]
[sb-supermarket.mybigcommerce.com/categoriesf82b.html]
[sb-supermarket.mybigcommerce.com/categories3d60.html]
[sb-supermarket.mybigcommerce.com/categories8842.html]
[sb-supermarket.mybigcommerce.com/categories0670.html]
[sb-supermarket.mybigcommerce.com/categoriesa36e.html]
[sb-supermarket.mybigcommerce.com/categories495a.html]
[sb-supermarket.mybigcommerce.com/categories1114.html]
[sb-supermarket.mybigcommerce.com/categories6c3f.html]
[sb-supermarket.mybigcommerce.com/categoriesf291.html]
[sb-supermarket.mybigcommerce.com/categories3d5e.html]
[sb-supermarket.mybigcommerce.com/categories4d2c.html]
[sb-supermarket.mybigcommerce.com/categories9475.html]
[sb-supermarket.mybigcommerce.com/blog/tag/Seo85eb-2.html]
[sb-supermarket.mybigcommerce.com/blog/tag/Seo612c-2.html]
[sb-supermarket.mybigcommerce.com/categories3247.html]
[sb-supermarket.mybigcommerce.com/categories3f86.html]
